snapshots/master/include/timestep_adaptation.h:21: warning: Found unknown command '\simeq'
snapshots/master/include/timestep_adaptation.h:21: warning: Found unknown command '\sum_'
snapshots/master/include/timestep_adaptation.h:21: warning: Found unknown command '\alpha_i'
snapshots/master/include/timestep_adaptation.h:21: warning: Found unknown command '\ldots'
snapshots/master/include/timestep_adaptation.h:24: warning: Found unknown command '\alpha_i'
snapshots/master/include/timestep_adaptation.h:28: warning: Found unknown command '\propto'
snapshots/master/include/timestep_adaptation.h:31: warning: Found unknown command '\frac'
snapshots/master/include/timestep_adaptation.h:31: warning: Found unknown command '\approx'
snapshots/master/include/timestep_adaptation.h:31: warning: Found unknown command '\left'
snapshots/master/include/timestep_adaptation.h:31: warning: Found unknown command '\right'
snapshots/master/include/timestep_adaptation.h:33: warning: Found unknown command '\epsilon'
snapshots/master/include/timestep_adaptation.h:35: warning: Found unknown command '\approx'
snapshots/master/include/timestep_adaptation.h:35: warning: Found unknown command '\left'
snapshots/master/include/timestep_adaptation.h:35: warning: Found unknown command '\frac'
snapshots/master/include/timestep_adaptation.h:35: warning: Found unknown command '\epsilon'
snapshots/master/include/timestep_adaptation.h:35: warning: Found unknown command '\right'
snapshots/master/include/timestep_adaptation.h:93: warning: Found unknown command '\left'
snapshots/master/include/timestep_adaptation.h:93: warning: Found unknown command '\frac'
snapshots/master/include/timestep_adaptation.h:93: warning: Found unknown command '\epsilon'
snapshots/master/include/timestep_adaptation.h:93: warning: Found unknown command '\right'
snapshots/master/src/assembly/incompressible_chns_assemblers.cpp:424: warning: Found unknown command '\cdot'
snapshots/master/src/assembly/incompressible_chns_assemblers.cpp:427: warning: Found unknown command '\cdot'
snapshots/master/include/assembly/incompressible_chns_assemblers.h:424: warning: Found unknown command '\cdot'
snapshots/master/include/assembly/incompressible_chns_assemblers.h:427: warning: Found unknown command '\cdot'
