snapshots/prod/include/timestep_adaptation.h:21: warning: Found unknown command '\simeq'
snapshots/prod/include/timestep_adaptation.h:21: warning: Found unknown command '\sum_'
snapshots/prod/include/timestep_adaptation.h:21: warning: Found unknown command '\alpha_i'
snapshots/prod/include/timestep_adaptation.h:21: warning: Found unknown command '\ldots'
snapshots/prod/include/timestep_adaptation.h:24: warning: Found unknown command '\alpha_i'
snapshots/prod/include/timestep_adaptation.h:28: warning: Found unknown command '\propto'
snapshots/prod/include/timestep_adaptation.h:31: warning: Found unknown command '\frac'
snapshots/prod/include/timestep_adaptation.h:31: warning: Found unknown command '\approx'
snapshots/prod/include/timestep_adaptation.h:31: warning: Found unknown command '\left'
snapshots/prod/include/timestep_adaptation.h:31: warning: Found unknown command '\right'
snapshots/prod/include/timestep_adaptation.h:33: warning: Found unknown command '\epsilon'
snapshots/prod/include/timestep_adaptation.h:35: warning: Found unknown command '\approx'
snapshots/prod/include/timestep_adaptation.h:35: warning: Found unknown command '\left'
snapshots/prod/include/timestep_adaptation.h:35: warning: Found unknown command '\frac'
snapshots/prod/include/timestep_adaptation.h:35: warning: Found unknown command '\epsilon'
snapshots/prod/include/timestep_adaptation.h:35: warning: Found unknown command '\right'
snapshots/prod/include/timestep_adaptation.h:99: warning: Found unknown command '\left'
snapshots/prod/include/timestep_adaptation.h:99: warning: Found unknown command '\frac'
snapshots/prod/include/timestep_adaptation.h:99: warning: Found unknown command '\epsilon'
snapshots/prod/include/timestep_adaptation.h:99: warning: Found unknown command '\right'
snapshots/prod/include/elasticity_solver.h:30: warning: Found unknown command '\nabla'
snapshots/prod/include/elasticity_solver.h:30: warning: Found unknown command '\cdot'
snapshots/prod/include/elasticity_solver.h:30: warning: Found unknown command '\sigma'
snapshots/prod/include/elasticity_solver.h:32: warning: Found unknown command '\sigma'
snapshots/prod/include/elasticity_solver.h:32: warning: Found unknown command '\mu'
snapshots/prod/include/elasticity_solver.h:32: warning: Found unknown command '\epsilon'
snapshots/prod/include/elasticity_solver.h:32: warning: Found unknown command '\lambda'
snapshots/prod/include/elasticity_solver.h:32: warning: Found unknown command '\tr'
snapshots/prod/include/elasticity_solver.h:33: warning: Found unknown command '\epsilon'
snapshots/prod/include/elasticity_solver.h:36: warning: Found unknown command '\epsilon'
snapshots/prod/include/elasticity_solver.h:36: warning: Found unknown command '\nabla'
snapshots/prod/include/elasticity_solver.h:37: warning: Found unknown command '\nabla'
snapshots/prod/include/elasticity_solver.h:46: warning: Found unknown command '\nabla'
snapshots/prod/include/elasticity_solver.h:46: warning: Found unknown command '\cdot'
snapshots/prod/include/elasticity_solver.h:46: warning: Found unknown command '\sigma'
snapshots/prod/include/elasticity_solver.h:53: warning: Found unknown command '\nabla'
snapshots/prod/include/elasticity_solver.h:53: warning: Found unknown command '\cdot'
snapshots/prod/include/elasticity_solver.h:53: warning: Found unknown command '\sigma'
snapshots/prod/src/assembly/incompressible_chns_assemblers.cpp:714: warning: Found unknown command '\cdot'
snapshots/prod/src/assembly/incompressible_chns_assemblers.cpp:717: warning: Found unknown command '\cdot'
snapshots/prod/include/assembly/incompressible_chns_assemblers.h:714: warning: Found unknown command '\cdot'
snapshots/prod/include/assembly/incompressible_chns_assemblers.h:717: warning: Found unknown command '\cdot'
